2026-07-01 23:01:17,567 [INFO] ======================================================================
2026-07-01 23:01:17,567 [INFO] DAILY COLLECTION START — 2026-07-01 (2026-07-01T23:01:17.567575)
2026-07-01 23:01:17,567 [INFO] ======================================================================
2026-07-01 23:01:17,631 [INFO] Database ready: /home/node/.openclaw/workspace/prototypes/weather-engine-source/data/forecast_disagreement_live.db
2026-07-01 23:01:17,631 [INFO]   KATL (33.6407, -84.4277)...
2026-07-01 23:01:17,797 [INFO]     NWS gridpoint: FFC/50,82
2026-07-01 23:01:18,825 [ERROR]     FAILED: 20 values for 18 columns
2026-07-01 23:01:18,825 [INFO]   KAUS (30.1945, -97.6699)...
2026-07-01 23:01:18,964 [INFO]     NWS gridpoint: EWX/159,88
2026-07-01 23:01:19,850 [ERROR]     FAILED: 20 values for 18 columns
2026-07-01 23:01:19,850 [INFO]   KBOS (42.3656, -71.0096)...
2026-07-01 23:01:19,955 [INFO]     NWS gridpoint: BOX/73,102
2026-07-01 23:01:20,771 [ERROR]     FAILED: 20 values for 18 columns
2026-07-01 23:01:20,771 [INFO]   KDAL (32.8471, -96.8517)...
2026-07-01 23:01:21,076 [INFO]     NWS gridpoint: FWD/87,107
2026-07-01 23:01:22,306 [ERROR]     FAILED: 20 values for 18 columns
2026-07-01 23:01:22,306 [INFO]   KDCA (38.8512, -77.0402)...
2026-07-01 23:01:22,448 [INFO]     NWS gridpoint: LWX/97,69
2026-07-01 23:01:23,141 [ERROR]     FAILED: 20 values for 18 columns
2026-07-01 23:01:23,141 [INFO]   KDEN (39.8561, -104.6737)...
2026-07-01 23:01:23,206 [INFO]     NWS gridpoint: BOU/74,66
2026-07-01 23:01:24,046 [ERROR]     FAILED: 20 values for 18 columns
2026-07-01 23:01:24,046 [INFO]   KDFW (32.8998, -97.0403)...
2026-07-01 23:01:24,171 [INFO]     NWS gridpoint: FWD/80,109
2026-07-01 23:01:25,173 [ERROR]     FAILED: 20 values for 18 columns
2026-07-01 23:01:25,173 [INFO]   KHOU (29.6454, -95.2789)...
2026-07-01 23:01:25,281 [WARNING]   Attempt 1/3: <urlopen error [Errno 101] Network is unreachable> for https://api.weather.gov/points/29.6454,-95.2789
2026-07-01 23:01:30,393 [WARNING]   Attempt 2/3: <urlopen error [Errno 101] Network is unreachable> for https://api.weather.gov/points/29.6454,-95.2789
2026-07-01 23:01:35,639 [INFO]     NWS gridpoint: HGX/66,89
2026-07-01 23:01:36,437 [ERROR]     FAILED: 20 values for 18 columns
2026-07-01 23:01:36,437 [INFO]   KLAS (36.0840, -115.1537)...
2026-07-01 23:01:36,635 [INFO]     NWS gridpoint: VEF/122,94
2026-07-01 23:01:37,358 [ERROR]     FAILED: 20 values for 18 columns
2026-07-01 23:01:37,358 [INFO]   KLAX (33.9425, -118.4081)...
2026-07-01 23:01:37,504 [INFO]     NWS gridpoint: LOX/148,41
2026-07-01 23:01:38,280 [ERROR]     FAILED: 20 values for 18 columns
2026-07-01 23:01:38,281 [INFO]   KMDW (41.7868, -87.7522)...
2026-07-01 23:01:38,486 [INFO]     NWS gridpoint: LOT/72,69
2026-07-01 23:01:39,508 [ERROR]     FAILED: 20 values for 18 columns
2026-07-01 23:01:39,508 [INFO]   KMIA (25.7959, -80.2870)...
2026-07-01 23:01:39,711 [INFO]     NWS gridpoint: MFL/106,51
2026-07-01 23:01:40,532 [ERROR]     FAILED: 20 values for 18 columns
2026-07-01 23:01:40,532 [INFO]   KMSP (44.8848, -93.2223)...
2026-07-01 23:01:40,839 [INFO]     NWS gridpoint: MPX/110,68
2026-07-01 23:01:41,762 [ERROR]     FAILED: 20 values for 18 columns
2026-07-01 23:01:41,762 [INFO]   KMSY (29.9934, -90.2580)...
2026-07-01 23:01:42,067 [INFO]     NWS gridpoint: LIX/60,90
2026-07-01 23:01:42,987 [ERROR]     FAILED: 20 values for 18 columns
2026-07-01 23:01:42,987 [INFO]   KNYC (40.7829, -73.9654)...
2026-07-01 23:01:43,054 [INFO]     NWS gridpoint: OKX/34,45
2026-07-01 23:01:44,016 [ERROR]     FAILED: 20 values for 18 columns
2026-07-01 23:01:44,017 [INFO]   KOKC (35.3931, -97.6007)...
2026-07-01 23:01:44,159 [INFO]     NWS gridpoint: OUN/94,90
2026-07-01 23:01:45,038 [ERROR]     FAILED: 20 values for 18 columns
2026-07-01 23:01:45,038 [INFO]   KPHL (39.8744, -75.2424)...
2026-07-01 23:01:45,243 [INFO]     NWS gridpoint: PHI/48,75
2026-07-01 23:01:46,165 [ERROR]     FAILED: 20 values for 18 columns
2026-07-01 23:01:46,165 [INFO]   KPHX (33.4342, -112.0116)...
2026-07-01 23:01:46,470 [INFO]     NWS gridpoint: PSR/161,57
2026-07-01 23:01:47,497 [ERROR]     FAILED: 20 values for 18 columns
2026-07-01 23:01:47,498 [INFO]   KSAT (29.5337, -98.4698)...
2026-07-01 23:01:47,700 [INFO]     NWS gridpoint: EWX/127,59
2026-07-01 23:01:48,418 [ERROR]     FAILED: 20 values for 18 columns
2026-07-01 23:01:48,418 [INFO]   KSEA (47.4502, -122.3088)...
2026-07-01 23:01:48,566 [INFO]     NWS gridpoint: SEW/124,61
2026-07-01 23:01:49,245 [ERROR]     FAILED: 20 values for 18 columns
2026-07-01 23:01:49,245 [INFO]   KSFO (37.6213, -122.3790)...
2026-07-01 23:01:49,546 [INFO]     NWS gridpoint: MTR/85,98
2026-07-01 23:01:50,466 [ERROR]     FAILED: 20 values for 18 columns
2026-07-01 23:01:50,479 [INFO] ======================================================================
2026-07-01 23:01:50,480 [INFO] COLLECTION COMPLETE — 0/21 succeeded, 21 failed
2026-07-01 23:01:50,480 [INFO]   Signals triggered: 0/0
2026-07-01 23:01:50,480 [INFO]   Backfilled actuals: 0
2026-07-01 23:01:50,480 [INFO]   Duration: 32.9s
2026-07-01 23:01:50,480 [WARNING]   Errors: ['KATL: 20 values for 18 columns', 'KAUS: 20 values for 18 columns', 'KBOS: 20 values for 18 columns', 'KDAL: 20 values for 18 columns', 'KDCA: 20 values for 18 columns', 'KDEN: 20 values for 18 columns', 'KDFW: 20 values for 18 columns', 'KHOU: 20 values for 18 columns', 'KLAS: 20 values for 18 columns', 'KLAX: 20 values for 18 columns', 'KMDW: 20 values for 18 columns', 'KMIA: 20 values for 18 columns', 'KMSP: 20 values for 18 columns', 'KMSY: 20 values for 18 columns', 'KNYC: 20 values for 18 columns', 'KOKC: 20 values for 18 columns', 'KPHL: 20 values for 18 columns', 'KPHX: 20 values for 18 columns', 'KSAT: 20 values for 18 columns', 'KSEA: 20 values for 18 columns', 'KSFO: 20 values for 18 columns']
2026-07-01 23:01:50,480 [INFO] ======================================================================
2026-07-01 23:04:11,547 [INFO] ======================================================================
2026-07-01 23:04:11,547 [INFO] DAILY COLLECTION START — 2026-07-01 (2026-07-01T23:04:11.547181)
2026-07-01 23:04:11,547 [INFO] ======================================================================
2026-07-01 23:04:11,547 [INFO] Database ready: /home/node/.openclaw/workspace/prototypes/weather-engine-source/data/forecast_disagreement_live.db
2026-07-01 23:04:11,547 [INFO]   KATL (33.6407, -84.4277)...
2026-07-01 23:04:11,627 [INFO]     NWS gridpoint: FFC/50,82
2026-07-01 23:04:12,418 [INFO]     NWS=97°F | GFS=93.7°F | diff=3.3°F | Ensemble=up(1.00) (0.9s)
2026-07-01 23:04:13,418 [INFO]   KAUS (30.1945, -97.6699)...
2026-07-01 23:04:13,567 [INFO]     NWS gridpoint: EWX/159,88
2026-07-01 23:04:14,459 [INFO]     NWS=95°F | GFS=95.5°F | diff=0.5°F (1.0s)
2026-07-01 23:04:15,460 [INFO]   KBOS (42.3656, -71.0096)...
2026-07-01 23:04:15,616 [INFO]     NWS gridpoint: BOX/73,102
2026-07-01 23:04:16,504 [INFO]     NWS=101°F | GFS=90.9°F | diff=10.1°F | Signal=down(0.85) (1.0s)
2026-07-01 23:04:17,504 [INFO]   KDAL (32.8471, -96.8517)...
2026-07-01 23:04:17,657 [INFO]     NWS gridpoint: FWD/87,107
2026-07-01 23:04:18,436 [INFO]     NWS=98°F | GFS=95.2°F | diff=2.8°F | Ensemble=up(1.00) (0.9s)
2026-07-01 23:04:19,437 [INFO]   KDCA (38.8512, -77.0402)...
2026-07-01 23:04:19,732 [INFO]     NWS gridpoint: LWX/97,69
2026-07-01 23:04:20,724 [INFO]     NWS=104°F | GFS=96.8°F | diff=7.2°F | Signal=down(0.68) | Ensemble=up(1.00) (1.3s)
2026-07-01 23:04:21,725 [INFO]   KDEN (39.8561, -104.6737)...
2026-07-01 23:04:21,926 [INFO]     NWS gridpoint: BOU/74,66
2026-07-01 23:04:22,852 [INFO]     NWS=90°F | GFS=87.8°F | diff=2.2°F | Ensemble=up(1.00) (1.1s)
2026-07-01 23:04:23,853 [INFO]   KDFW (32.8998, -97.0403)...
2026-07-01 23:04:23,987 [INFO]     NWS gridpoint: FWD/80,109
2026-07-01 23:04:24,906 [INFO]     NWS=98°F | GFS=94.8°F | diff=3.2°F | Ensemble=up(1.00) (1.1s)
2026-07-01 23:04:25,907 [INFO]   KHOU (29.6454, -95.2789)...
2026-07-01 23:04:26,056 [INFO]     NWS gridpoint: HGX/66,89
2026-07-01 23:04:26,849 [INFO]     NWS=95°F | GFS=94.6°F | diff=0.4°F (0.9s)
2026-07-01 23:04:27,849 [INFO]   KLAS (36.0840, -115.1537)...
2026-07-01 23:04:27,943 [INFO]     NWS gridpoint: VEF/122,94
2026-07-01 23:04:28,594 [INFO]     NWS=98°F | GFS=96.3°F | diff=1.7°F | Ensemble=up(1.00) (0.7s)
2026-07-01 23:04:29,594 [INFO]   KLAX (33.9425, -118.4081)...
2026-07-01 23:04:29,750 [INFO]     NWS gridpoint: LOX/148,41
2026-07-01 23:04:30,536 [INFO]     NWS=70°F | GFS=69.3°F | diff=0.7°F (0.9s)
2026-07-01 23:04:31,537 [INFO]   KMDW (41.7868, -87.7522)...
2026-07-01 23:04:31,681 [INFO]     NWS gridpoint: LOT/72,69
2026-07-01 23:04:32,685 [INFO]     NWS=93°F | GFS=94.6°F | diff=1.6°F | Ensemble=up(1.00) (1.1s)
2026-07-01 23:04:33,686 [INFO]   KMIA (25.7959, -80.2870)...
2026-07-01 23:04:33,884 [INFO]     NWS gridpoint: MFL/106,51
2026-07-01 23:04:34,847 [INFO]     NWS=91°F | GFS=92.1°F | diff=1.1°F | Ensemble=down(1.00) (1.2s)
2026-07-01 23:04:35,848 [INFO]   KMSP (44.8848, -93.2223)...
2026-07-01 23:04:35,992 [INFO]     NWS gridpoint: MPX/110,68
2026-07-01 23:04:36,991 [INFO]     NWS=86°F | GFS=84.0°F | diff=2.0°F | Ensemble=up(1.00) (1.1s)
2026-07-01 23:04:37,992 [INFO]   KMSY (29.9934, -90.2580)...
2026-07-01 23:04:38,133 [INFO]     NWS gridpoint: LIX/60,90
2026-07-01 23:04:38,936 [INFO]     NWS=92°F | GFS=93.2°F | diff=1.2°F (0.9s)
2026-07-01 23:04:39,936 [INFO]   KNYC (40.7829, -73.9654)...
2026-07-01 23:04:40,085 [INFO]     NWS gridpoint: OKX/34,45
2026-07-01 23:04:41,088 [INFO]     NWS=100°F | GFS=93.2°F | diff=6.8°F | Signal=down(0.65) | Ensemble=up(1.00) (1.2s)
2026-07-01 23:04:42,089 [INFO]   KOKC (35.3931, -97.6007)...
2026-07-01 23:04:42,248 [INFO]     NWS gridpoint: OUN/94,90
2026-07-01 23:04:43,033 [INFO]     NWS=92°F | GFS=92.5°F | diff=0.5°F | Ensemble=up(1.00) (0.9s)
2026-07-01 23:04:44,033 [INFO]   KPHL (39.8744, -75.2424)...
2026-07-01 23:04:44,182 [INFO]     NWS gridpoint: PHI/48,75
2026-07-01 23:04:45,184 [INFO]     NWS=104°F | GFS=94.6°F | diff=9.4°F | Signal=down(0.81) | Ensemble=up(1.00) (1.2s)
2026-07-01 23:04:46,184 [INFO]   KPHX (33.4342, -112.0116)...
2026-07-01 23:04:46,340 [INFO]     NWS gridpoint: PSR/161,57
2026-07-01 23:04:47,035 [INFO]     NWS=102°F | GFS=99.5°F | diff=2.5°F | Ensemble=up(1.00) (0.9s)
2026-07-01 23:04:48,036 [INFO]   KSAT (29.5337, -98.4698)...
2026-07-01 23:04:48,184 [INFO]     NWS gridpoint: EWX/127,59
2026-07-01 23:04:49,176 [INFO]     NWS=94°F | GFS=94.5°F | diff=0.5°F | Ensemble=up(1.00) (1.1s)
2026-07-01 23:04:50,176 [INFO]   KSEA (47.4502, -122.3088)...
2026-07-01 23:04:50,328 [INFO]     NWS gridpoint: SEW/124,61
2026-07-01 23:04:51,124 [INFO]     NWS=68°F | GFS=64.6°F | diff=3.4°F | Ensemble=down(1.00) (0.9s)
2026-07-01 23:04:52,124 [INFO]   KSFO (37.6213, -122.3790)...
2026-07-01 23:04:52,198 [INFO]     NWS gridpoint: MTR/85,98
2026-07-01 23:04:53,062 [INFO]     NWS=70°F | GFS=72.5°F | diff=2.5°F | Ensemble=down(1.00) (0.9s)
2026-07-01 23:04:54,080 [INFO] ======================================================================
2026-07-01 23:04:54,080 [INFO] COLLECTION COMPLETE — 21/21 succeeded, 0 failed
2026-07-01 23:04:54,081 [INFO]   Signals triggered: 4/21
2026-07-01 23:04:54,081 [INFO]   Backfilled actuals: 0
2026-07-01 23:04:54,081 [INFO]   Duration: 42.5s
2026-07-01 23:04:54,081 [INFO] ======================================================================
2026-07-03 11:00:06,316 [INFO] ======================================================================
2026-07-03 11:00:06,316 [INFO] DAILY COLLECTION START — 2026-07-03 (2026-07-03T11:00:06.316569)
2026-07-03 11:00:06,316 [INFO] ======================================================================
2026-07-03 11:00:06,317 [INFO] Database ready: /home/node/.openclaw/workspace/prototypes/weather-engine-source/data/forecast_disagreement_live.db
2026-07-03 11:00:06,317 [INFO]   KATL (33.6407, -84.4277)...
2026-07-03 11:00:08,219 [INFO]     NWS=96°F | GFS=97.2°F | diff=1.2°F | Ensemble=up(1.00) (1.9s)
2026-07-03 11:00:09,219 [INFO]   KAUS (30.1945, -97.6699)...
2026-07-03 11:00:11,706 [INFO]     NWS=96°F | GFS=96.6°F | diff=0.6°F (2.5s)
2026-07-03 11:00:12,707 [INFO]   KBOS (42.3656, -71.0096)...
2026-07-03 11:00:14,160 [INFO]     NWS=101°F | GFS=99.3°F | diff=1.7°F (1.5s)
2026-07-03 11:00:15,161 [INFO]   KDAL (32.8471, -96.8517)...
2026-07-03 11:00:16,207 [INFO]     NWS=97°F | GFS=97.3°F | diff=0.3°F (1.0s)
2026-07-03 11:00:17,209 [INFO]   KDCA (38.8512, -77.0402)...
2026-07-03 11:00:18,261 [INFO]     NWS=103°F | GFS=103.6°F | diff=0.6°F | Ensemble=up(1.00) (1.1s)
2026-07-03 11:00:19,261 [INFO]   KDEN (39.8561, -104.6737)...
2026-07-03 11:00:20,307 [INFO]     NWS=93°F | GFS=90.9°F | diff=2.1°F | Ensemble=up(1.00) (1.0s)
2026-07-03 11:00:21,307 [INFO]   KDFW (32.8998, -97.0403)...
2026-07-03 11:00:22,251 [INFO]     NWS=96°F | GFS=98.1°F | diff=2.1°F | Ensemble=up(1.00) (0.9s)
2026-07-03 11:00:23,252 [INFO]   KHOU (29.6454, -95.2789)...
2026-07-03 11:00:24,095 [INFO]     NWS=95°F | GFS=94.5°F | diff=0.5°F (0.8s)
2026-07-03 11:00:25,096 [INFO]   KLAS (36.0840, -115.1537)...
2026-07-03 11:00:26,241 [INFO]     NWS=102°F | GFS=103.5°F | diff=1.5°F | Ensemble=up(1.00) (1.1s)
2026-07-03 11:00:27,242 [INFO]   KLAX (33.9425, -118.4081)...
2026-07-03 11:00:28,293 [INFO]     NWS=70°F | GFS=72.1°F | diff=2.1°F (1.1s)
2026-07-03 11:00:29,294 [INFO]   KMDW (41.7868, -87.7522)...
2026-07-03 11:00:30,340 [INFO]     NWS=90°F | GFS=89.4°F | diff=0.6°F | Ensemble=up(1.00) (1.0s)
2026-07-03 11:00:31,341 [INFO]   KMIA (25.7959, -80.2870)...
2026-07-03 11:00:32,277 [INFO]     NWS=91°F | GFS=86.7°F | diff=4.3°F | Ensemble=down(1.00) (0.9s)
2026-07-03 11:00:33,278 [INFO]   KMSP (44.8848, -93.2223)...
2026-07-03 11:00:34,234 [INFO]     NWS=86°F | GFS=85.3°F | diff=0.7°F | Ensemble=up(1.00) (1.0s)
2026-07-03 11:00:35,234 [INFO]   KMSY (29.9934, -90.2580)...
2026-07-03 11:00:36,076 [INFO]     NWS=92°F | GFS=93.2°F | diff=1.2°F (0.8s)
2026-07-03 11:00:37,077 [INFO]   KNYC (40.7829, -73.9654)...
2026-07-03 11:00:38,122 [INFO]     NWS=102°F | GFS=104.9°F | diff=2.9°F | Ensemble=up(1.00) (1.0s)
2026-07-03 11:00:39,123 [INFO]   KOKC (35.3931, -97.6007)...
2026-07-03 11:00:39,865 [INFO]     NWS=95°F | GFS=97.5°F | diff=2.5°F | Ensemble=up(1.00) (0.7s)
2026-07-03 11:00:40,866 [INFO]   KPHL (39.8744, -75.2424)...
2026-07-03 11:00:41,605 [INFO]     NWS=104°F | GFS=104.7°F | diff=0.7°F | Ensemble=up(1.00) (0.7s)
2026-07-03 11:00:42,606 [INFO]   KPHX (33.4342, -112.0116)...
2026-07-03 11:00:43,654 [INFO]     NWS=107°F | GFS=107.2°F | diff=0.2°F | Ensemble=up(1.00) (1.0s)
2026-07-03 11:00:44,654 [INFO]   KSAT (29.5337, -98.4698)...
2026-07-03 11:00:45,598 [INFO]     NWS=94°F | GFS=95.5°F | diff=1.5°F | Ensemble=up(1.00) (0.9s)
2026-07-03 11:00:46,598 [INFO]   KSEA (47.4502, -122.3088)...
2026-07-03 11:00:47,745 [INFO]     NWS=74°F | GFS=71.1°F | diff=2.9°F | Ensemble=down(1.00) (1.1s)
2026-07-03 11:00:48,746 [INFO]   KSFO (37.6213, -122.3790)...
2026-07-03 11:00:49,696 [INFO]     NWS=71°F | GFS=74.1°F | diff=3.1°F | Ensemble=down(1.00) (0.9s)
2026-07-03 11:00:50,713 [INFO] ======================================================================
2026-07-03 11:00:50,713 [INFO] COLLECTION COMPLETE — 21/21 succeeded, 0 failed
2026-07-03 11:00:50,713 [INFO]   Signals triggered: 0/21
2026-07-03 11:00:50,713 [INFO]   Backfilled actuals: 0
2026-07-03 11:00:50,713 [INFO]   Duration: 44.4s
2026-07-03 11:00:50,713 [INFO] ======================================================================
2026-07-04 11:00:05,498 [INFO] ======================================================================
2026-07-04 11:00:05,499 [INFO] DAILY COLLECTION START — 2026-07-04 (2026-07-04T11:00:05.498950)
2026-07-04 11:00:05,499 [INFO] ======================================================================
2026-07-04 11:00:05,499 [INFO] Database ready: /home/node/.openclaw/workspace/prototypes/weather-engine-source/data/forecast_disagreement_live.db
2026-07-04 11:00:05,499 [INFO]   KATL (33.6407, -84.4277)...
2026-07-04 11:00:07,289 [INFO]     NWS=96°F | GFS=94.6°F | diff=1.4°F | Ensemble=up(1.00) (1.8s)
2026-07-04 11:00:08,290 [INFO]   KAUS (30.1945, -97.6699)...
2026-07-04 11:00:10,365 [INFO]     NWS=96°F | GFS=97.9°F | diff=1.9°F | Ensemble=up(1.00) (2.1s)
2026-07-04 11:00:11,366 [INFO]   KBOS (42.3656, -71.0096)...
2026-07-04 11:00:13,641 [INFO]     NWS=95°F | GFS=95.0°F | diff=0.0°F | Ensemble=up(1.00) (2.3s)
2026-07-04 11:00:14,642 [INFO]   KDAL (32.8471, -96.8517)...
2026-07-04 11:00:16,198 [INFO]     NWS=100°F | GFS=100.6°F | diff=0.6°F (1.6s)
2026-07-04 11:00:17,198 [INFO]   KDCA (38.8512, -77.0402)...
2026-07-04 11:00:18,965 [INFO]     NWS=100°F | GFS=103.8°F | diff=3.8°F | Ensemble=up(1.00) (1.8s)
2026-07-04 11:00:19,966 [INFO]   KDEN (39.8561, -104.6737)...
2026-07-04 11:00:21,422 [INFO]     NWS=89°F | GFS=91.6°F | diff=2.6°F | Ensemble=up(1.00) (1.5s)
2026-07-04 11:00:22,422 [INFO]   KDFW (32.8998, -97.0403)...
2026-07-04 11:00:23,405 [INFO]     NWS=99°F | GFS=100.0°F | diff=1.0°F | Ensemble=up(1.00) (1.0s)
2026-07-04 11:00:24,406 [INFO]   KHOU (29.6454, -95.2789)...
2026-07-04 11:00:26,031 [INFO]     NWS=96°F | GFS=96.3°F | diff=0.3°F | Ensemble=up(1.00) (1.6s)
2026-07-04 11:00:27,032 [INFO]   KLAS (36.0840, -115.1537)...
2026-07-04 11:00:28,488 [INFO]     NWS=104°F | GFS=104.7°F | diff=0.7°F | Ensemble=up(1.00) (1.5s)
2026-07-04 11:00:29,489 [INFO]   KLAX (33.9425, -118.4081)...
2026-07-04 11:00:30,635 [INFO]     NWS=73°F | GFS=72.5°F | diff=0.5°F | Ensemble=up(1.00) (1.1s)
2026-07-04 11:00:31,636 [INFO]   KMDW (41.7868, -87.7522)...
2026-07-04 11:00:33,102 [INFO]     NWS=84°F | GFS=82.4°F | diff=1.6°F | Ensemble=up(1.00) (1.5s)
2026-07-04 11:00:34,103 [INFO]   KMIA (25.7959, -80.2870)...
2026-07-04 11:00:35,554 [INFO]     NWS=92°F | GFS=89.8°F | diff=2.2°F | Ensemble=up(1.00) (1.5s)
2026-07-04 11:00:36,555 [INFO]   KMSP (44.8848, -93.2223)...
2026-07-04 11:00:37,602 [INFO]     NWS=85°F | GFS=88.7°F | diff=3.7°F | Ensemble=up(1.00) (1.0s)
2026-07-04 11:00:38,602 [INFO]   KMSY (29.9934, -90.2580)...
2026-07-04 11:00:39,747 [INFO]     NWS=93°F | GFS=94.5°F | diff=1.5°F | Ensemble=up(1.00) (1.1s)
2026-07-04 11:00:40,748 [INFO]   KNYC (40.7829, -73.9654)...
2026-07-04 11:00:40,860 [WARNING]   Attempt 1/3: <urlopen error [Errno 101] Network is unreachable> for https://api.weather.gov/gridpoints/OKX/34,45/forecast
2026-07-04 11:00:46,819 [INFO]     NWS=95°F | GFS=98.4°F | diff=3.4°F | Ensemble=up(1.00) (6.1s)
2026-07-04 11:00:47,819 [INFO]   KOKC (35.3931, -97.6007)...
2026-07-04 11:00:48,764 [INFO]     NWS=100°F | GFS=101.1°F | diff=1.1°F | Ensemble=up(1.00) (0.9s)
2026-07-04 11:00:49,764 [INFO]   KPHL (39.8744, -75.2424)...
2026-07-04 11:00:50,724 [INFO]     NWS=100°F | GFS=102.4°F | diff=2.4°F | Ensemble=up(1.00) (1.0s)
2026-07-04 11:00:51,725 [INFO]   KPHX (33.4342, -112.0116)...
2026-07-04 11:00:52,682 [INFO]     NWS=106°F | GFS=109.0°F | diff=3.0°F (1.0s)
2026-07-04 11:00:53,683 [INFO]   KSAT (29.5337, -98.4698)...
2026-07-04 11:00:54,601 [INFO]     NWS=95°F | GFS=96.4°F | diff=1.4°F | Ensemble=up(1.00) (0.9s)
2026-07-04 11:00:55,602 [INFO]   KSEA (47.4502, -122.3088)...
2026-07-04 11:00:56,548 [INFO]     NWS=74°F | GFS=70.7°F | diff=3.3°F | Ensemble=down(1.00) (0.9s)
2026-07-04 11:00:57,549 [INFO]   KSFO (37.6213, -122.3790)...
2026-07-04 11:00:58,595 [INFO]     NWS=70°F | GFS=74.1°F | diff=4.1°F (1.0s)
2026-07-04 11:00:59,621 [INFO] Backfilled 20 records with actual outcomes
2026-07-04 11:00:59,629 [INFO] ======================================================================
2026-07-04 11:00:59,630 [INFO] COLLECTION COMPLETE — 21/21 succeeded, 0 failed
2026-07-04 11:00:59,630 [INFO]   Signals triggered: 0/21
2026-07-04 11:00:59,630 [INFO]   Backfilled actuals: 20
2026-07-04 11:00:59,630 [INFO]   Duration: 54.1s
2026-07-04 11:00:59,630 [INFO] ======================================================================
2026-07-05 11:00:06,517 [INFO] ======================================================================
2026-07-05 11:00:06,517 [INFO] DAILY COLLECTION START — 2026-07-05 (2026-07-05T11:00:06.517544)
2026-07-05 11:00:06,517 [INFO] ======================================================================
2026-07-05 11:00:06,518 [INFO] Database ready: /home/node/.openclaw/workspace/prototypes/weather-engine-source/data/forecast_disagreement_live.db
2026-07-05 11:00:06,518 [INFO]   KATL (33.6407, -84.4277)...
2026-07-05 11:00:08,101 [INFO]     NWS=95°F | GFS=93.7°F | diff=1.3°F | Ensemble=up(1.00) (1.6s)
2026-07-05 11:00:09,102 [INFO]   KAUS (30.1945, -97.6699)...
2026-07-05 11:00:10,961 [INFO]     NWS=97°F | GFS=98.8°F | diff=1.8°F (1.9s)
2026-07-05 11:00:11,962 [INFO]   KBOS (42.3656, -71.0096)...
2026-07-05 11:00:13,856 [INFO]     NWS=80°F | GFS=77.2°F | diff=2.8°F | Ensemble=down(1.00) (1.9s)
2026-07-05 11:00:14,857 [INFO]   KDAL (32.8471, -96.8517)...
2026-07-05 11:00:16,081 [INFO]     NWS=99°F | GFS=100.6°F | diff=1.6°F (1.2s)
2026-07-05 11:00:17,082 [INFO]   KDCA (38.8512, -77.0402)...
2026-07-05 11:00:18,358 [INFO]     NWS=96°F | GFS=96.6°F | diff=0.6°F | Ensemble=down(1.00) (1.3s)
2026-07-05 11:00:19,359 [INFO]   KDEN (39.8561, -104.6737)...
2026-07-05 11:00:20,793 [INFO]     NWS=93°F | GFS=95.2°F | diff=2.2°F (1.4s)
2026-07-05 11:00:21,794 [INFO]   KDFW (32.8998, -97.0403)...
2026-07-05 11:00:22,784 [INFO]     NWS=98°F | GFS=100.4°F | diff=2.4°F | Ensemble=down(0.79) (1.0s)
2026-07-05 11:00:23,784 [INFO]   KHOU (29.6454, -95.2789)...
2026-07-05 11:00:24,590 [INFO]     NWS=97°F | GFS=98.1°F | diff=1.1°F | Ensemble=up(1.00) (0.8s)
2026-07-05 11:00:25,591 [INFO]   KLAS (36.0840, -115.1537)...
2026-07-05 11:00:26,758 [INFO]     NWS=105°F | GFS=105.8°F | diff=0.8°F | Ensemble=up(1.00) (1.2s)
2026-07-05 11:00:27,759 [INFO]   KLAX (33.9425, -118.4081)...
2026-07-05 11:00:29,192 [INFO]     NWS=72°F | GFS=74.8°F | diff=2.8°F | Ensemble=up(1.00) (1.4s)
2026-07-05 11:00:30,193 [INFO]   KMDW (41.7868, -87.7522)...
2026-07-05 11:00:31,467 [INFO]     NWS=76°F | GFS=74.5°F | diff=1.5°F (1.3s)
2026-07-05 11:00:32,468 [INFO]   KMIA (25.7959, -80.2870)...
2026-07-05 11:00:33,508 [INFO]     NWS=91°F | GFS=91.2°F | diff=0.2°F (1.0s)
2026-07-05 11:00:34,509 [INFO]   KMSP (44.8848, -93.2223)...
2026-07-05 11:00:36,073 [INFO]     NWS=85°F | GFS=88.0°F | diff=3.0°F | Ensemble=down(1.00) (1.6s)
2026-07-05 11:00:37,074 [INFO]   KMSY (29.9934, -90.2580)...
2026-07-05 11:00:38,430 [INFO]     NWS=91°F | GFS=93.9°F | diff=2.9°F | Ensemble=up(1.00) (1.4s)
2026-07-05 11:00:39,431 [INFO]   KNYC (40.7829, -73.9654)...
2026-07-05 11:00:40,562 [INFO]     NWS=83°F | GFS=87.3°F | diff=4.3°F | Ensemble=down(1.00) (1.1s)
2026-07-05 11:00:41,562 [INFO]   KOKC (35.3931, -97.6007)...
2026-07-05 11:00:42,397 [INFO]     NWS=93°F | GFS=92.1°F | diff=0.9°F | Ensemble=down(0.80) (0.8s)
2026-07-05 11:00:43,398 [INFO]   KPHL (39.8744, -75.2424)...
2026-07-05 11:00:44,236 [INFO]     NWS=92°F | GFS=94.1°F | diff=2.1°F | Ensemble=down(1.00) (0.8s)
2026-07-05 11:00:45,237 [INFO]   KPHX (33.4342, -112.0116)...
2026-07-05 11:00:46,095 [INFO]     NWS=110°F | GFS=111.9°F | diff=1.9°F | Ensemble=up(1.00) (0.9s)
2026-07-05 11:00:47,097 [INFO]   KSAT (29.5337, -98.4698)...
2026-07-05 11:00:48,335 [INFO]     NWS=95°F | GFS=97.9°F | diff=2.9°F | Ensemble=up(1.00) (1.2s)
2026-07-05 11:00:49,335 [INFO]   KSEA (47.4502, -122.3088)...
2026-07-05 11:00:50,408 [INFO]     NWS=74°F | GFS=73.4°F | diff=0.6°F | Ensemble=up(1.00) (1.1s)
2026-07-05 11:00:51,409 [INFO]   KSFO (37.6213, -122.3790)...
2026-07-05 11:00:52,743 [INFO]     NWS=69°F | GFS=68.0°F | diff=1.0°F (1.3s)
2026-07-05 11:00:53,766 [INFO] Backfilled 20 records with actual outcomes
2026-07-05 11:00:53,775 [INFO] ======================================================================
2026-07-05 11:00:53,775 [INFO] COLLECTION COMPLETE — 21/21 succeeded, 0 failed
2026-07-05 11:00:53,775 [INFO]   Signals triggered: 0/21
2026-07-05 11:00:53,775 [INFO]   Backfilled actuals: 20
2026-07-05 11:00:53,775 [INFO]   Duration: 47.2s
2026-07-05 11:00:53,775 [INFO] ======================================================================
