
======================================================================
MULTI-INSTANCE PAPER TRADING RUN — 2026-07-05
Instances: DEV
Stations: 20
======================================================================


──────────────────────────────────────────────────
Instance: DEV
DB: /home/node/.openclaw/workspace/prototypes/weather-engine-source/data/paper_trading_dev.db
Balance: $5,000.00
Discord: enabled
Log: /home/node/.openclaw/workspace/prototypes/weather-engine-source/logs/paper_trading_dev.log
──────────────────────────────────────────────────
  ↓ KBOS calendar_climatology UP size=$38.75 conf=0.55 tier=medium [ALERT SENT]
  ✓ KDEN calendar_climatology DOWN size=$38.75 conf=0.55 tier=medium [ALERT SENT]
  ✓ KMSP calendar_climatology DOWN size=$38.75 conf=0.55 tier=medium [ALERT SENT]
  ✓ KNYC calendar_climatology UP size=$38.75 conf=0.55 tier=medium [ALERT SENT]
  ✓ KPHL calendar_climatology UP size=$38.75 conf=0.55 tier=medium [ALERT SENT]
  ✓ KPHX calendar_climatology UP size=$38.75 conf=0.55 tier=medium [ALERT SENT]
Processed 0 trade settlements for date 2026-07-05

  Summary: 5 executed, 1 skipped, 6 alerts sent
  Running P&L: $+0.00
[2026-07-05T19:48:15.006360+00:00] DEV: complete — 5 executed, 1 skipped, 6 alerts
