2026-07-05 19:43:45,151 [paper_trading.sbox] INFO: Starting daily run for 2024-07-01
2026-07-05 19:43:55,796 [paper_trading.sbox] INFO: Run complete: 15 executed, 7 skipped, 0 alerts
2026-07-05 19:45:35,981 [paper_trading.sbox] INFO: Starting daily run for 2024-07-15
2026-07-05 19:45:40,553 [paper_trading.sbox] ERROR: Run failed: float division by zero
Traceback (most recent call last):
  File "/home/node/.openclaw/workspace/prototypes/weather-engine-source/scripts/multi_instance_paper_trader.py", line 159, in run_daily
    results = self._run_instance(
              ^^^^^^^^^^^^^^^^^^^
  File "/home/node/.openclaw/workspace/prototypes/weather-engine-source/scripts/multi_instance_paper_trader.py", line 291, in _run_instance
    result = trader.place_paper_trade(
             ^^^^^^^^^^^^^^^^^^^^^^^^^
  File "/home/node/.openclaw/workspace/prototypes/weather-engine-source/core/paper_trading_engine.py", line 902, in place_paper_trade
    self._update_position_after_trade(trade_uuid, trade_type, fill_price, quantity,
  File "/home/node/.openclaw/workspace/prototypes/weather-engine-source/core/paper_trading_engine.py", line 972, in _update_position_after_trade
    new_avg_cost = (avg_cost * old_qty + fill_price * quantity) / new_quantity
                   ~~~~~~~~~~~~~~~~~~~~~~~~~~~~~~~~~~~~~~~~~~~^~~~~~~~~~~~~~~~
ZeroDivisionError: float division by zero
2026-07-05 19:46:13,366 [paper_trading.sbox] INFO: Starting daily run for 2024-07-15
2026-07-05 19:46:30,747 [paper_trading.sbox] INFO: Run complete: 18 executed, 5 skipped, 23 alerts
2026-07-13 23:52:41,557 [paper_trading.sbox] INFO: Starting daily run for 2026-07-13
2026-07-13 23:52:41,985 [paper_trading.sbox] INFO: Run complete: 2 executed, 2 skipped, 0 alerts
2026-07-13 23:57:47,119 [paper_trading.sbox] INFO: Starting daily run for 2026-07-13
2026-07-13 23:57:47,211 [paper_trading.sbox] INFO: Run complete: 0 executed, 4 skipped, 0 alerts
2026-07-13 23:58:39,269 [paper_trading.sbox] INFO: Starting daily run for 2026-07-13
2026-07-13 23:58:39,371 [paper_trading.sbox] INFO: Run complete: 0 executed, 4 skipped, 0 alerts
2026-07-13 23:58:39,372 [paper_trading.sbox] INFO: SBOX paper trading cron started
2026-07-13 23:58:39,372 [paper_trading.sbox] INFO: Cron complete: 0 executed, 4 skipped, 0 alerts
2026-07-14 00:07:36,138 [paper_trading.sbox] INFO: Starting daily run for 2026-07-14
2026-07-14 00:07:36,331 [paper_trading.sbox] INFO: Run complete: 0 executed, 2 skipped, 0 alerts
2026-07-14 00:07:36,331 [paper_trading.sbox] INFO: SBOX paper trading cron started
2026-07-14 00:07:36,332 [paper_trading.sbox] INFO: Cron complete: 0 executed, 2 skipped, 0 alerts
2026-07-14 00:12:33,399 [paper_trading.sbox] INFO: Starting daily run for 2026-07-14
2026-07-14 00:12:34,011 [paper_trading.sbox] INFO: Run complete: 0 executed, 2 skipped, 0 alerts
2026-07-14 00:12:34,011 [paper_trading.sbox] INFO: SBOX paper trading cron started
2026-07-14 00:12:34,011 [paper_trading.sbox] INFO: Cron complete: 0 executed, 2 skipped, 0 alerts
2026-07-14 00:12:43,493 [paper_trading.sbox] INFO: Starting daily run for 2026-07-14
2026-07-14 00:12:44,064 [paper_trading.sbox] INFO: Run complete: 0 executed, 2 skipped, 0 alerts
2026-07-14 00:17:32,113 [paper_trading.sbox] INFO: Starting daily run for 2026-07-14
2026-07-14 00:17:32,309 [paper_trading.sbox] INFO: Run complete: 0 executed, 2 skipped, 0 alerts
2026-07-14 00:17:32,309 [paper_trading.sbox] INFO: SBOX paper trading cron started
2026-07-14 00:17:32,310 [paper_trading.sbox] INFO: Cron complete: 0 executed, 2 skipped, 0 alerts
2026-07-14 00:17:37,476 [paper_trading.sbox] INFO: Starting daily run for 2026-07-14
2026-07-14 00:17:37,524 [paper_trading.sbox] INFO: Run complete: 0 executed, 2 skipped, 0 alerts
2026-07-14 00:22:49,561 [paper_trading.sbox] INFO: Starting daily run for 2026-07-14
2026-07-14 00:22:50,167 [paper_trading.sbox] INFO: Run complete: 0 executed, 2 skipped, 2 alerts
2026-07-14 00:22:50,168 [paper_trading.sbox] INFO: SBOX paper trading cron started
2026-07-14 00:22:50,168 [paper_trading.sbox] INFO: Cron complete: 0 executed, 2 skipped, 2 alerts
2026-07-14 00:27:36,483 [paper_trading.sbox] INFO: Starting daily run for 2026-07-14
2026-07-14 00:27:36,785 [paper_trading.sbox] INFO: Run complete: 0 executed, 2 skipped, 0 alerts
2026-07-14 00:27:36,786 [paper_trading.sbox] INFO: SBOX paper trading cron started
2026-07-14 00:27:36,786 [paper_trading.sbox] INFO: Cron complete: 0 executed, 2 skipped, 0 alerts
2026-07-14 00:32:33,550 [paper_trading.sbox] INFO: Starting daily run for 2026-07-14
2026-07-14 00:32:33,849 [paper_trading.sbox] INFO: Run complete: 0 executed, 2 skipped, 0 alerts
2026-07-14 00:32:37,989 [paper_trading.sbox] INFO: Starting daily run for 2026-07-14
2026-07-14 00:32:38,194 [paper_trading.sbox] INFO: Run complete: 0 executed, 2 skipped, 0 alerts
2026-07-14 00:32:38,195 [paper_trading.sbox] INFO: SBOX paper trading cron started
2026-07-14 00:32:38,195 [paper_trading.sbox] INFO: Cron complete: 0 executed, 2 skipped, 0 alerts
2026-07-14 00:37:46,906 [paper_trading.sbox] INFO: Starting daily run for 2026-07-14
2026-07-14 00:37:46,950 [paper_trading.sbox] INFO: Run complete: 0 executed, 2 skipped, 0 alerts
2026-07-14 00:37:46,951 [paper_trading.sbox] INFO: SBOX paper trading cron started
2026-07-14 00:37:46,951 [paper_trading.sbox] INFO: Cron complete: 0 executed, 2 skipped, 0 alerts
2026-07-14 00:42:56,972 [paper_trading.sbox] INFO: Starting daily run for 2026-07-14
2026-07-14 00:42:57,679 [paper_trading.sbox] INFO: Run complete: 0 executed, 2 skipped, 2 alerts
2026-07-14 00:42:57,680 [paper_trading.sbox] INFO: SBOX paper trading cron started
2026-07-14 00:42:57,680 [paper_trading.sbox] INFO: Cron complete: 0 executed, 2 skipped, 2 alerts
2026-07-14 00:48:01,129 [paper_trading.sbox] INFO: Starting daily run for 2026-07-14
2026-07-14 00:48:02,230 [paper_trading.sbox] INFO: Run complete: 0 executed, 2 skipped, 2 alerts
2026-07-14 00:48:02,230 [paper_trading.sbox] INFO: SBOX paper trading cron started
2026-07-14 00:48:02,231 [paper_trading.sbox] INFO: Cron complete: 0 executed, 2 skipped, 2 alerts
2026-07-14 00:52:51,842 [paper_trading.sbox] INFO: Starting daily run for 2026-07-14
2026-07-14 00:52:52,662 [paper_trading.sbox] INFO: Run complete: 0 executed, 2 skipped, 0 alerts
2026-07-14 00:57:51,382 [paper_trading.sbox] INFO: Starting daily run for 2026-07-14
2026-07-14 00:57:51,425 [paper_trading.sbox] INFO: Run complete: 0 executed, 2 skipped, 0 alerts
2026-07-14 00:57:51,426 [paper_trading.sbox] INFO: SBOX paper trading cron started
2026-07-14 00:57:51,426 [paper_trading.sbox] INFO: Cron complete: 0 executed, 2 skipped, 0 alerts
2026-07-14 01:02:52,641 [paper_trading.sbox] INFO: Starting daily run for 2026-07-14
2026-07-14 01:02:53,160 [paper_trading.sbox] INFO: Run complete: 0 executed, 2 skipped, 0 alerts
2026-07-14 01:02:53,160 [paper_trading.sbox] INFO: SBOX paper trading cron started
2026-07-14 01:02:53,161 [paper_trading.sbox] INFO: Cron complete: 0 executed, 2 skipped, 0 alerts
2026-07-14 01:07:47,533 [paper_trading.sbox] INFO: Starting daily run for 2026-07-14
2026-07-14 01:07:47,760 [paper_trading.sbox] INFO: Run complete: 0 executed, 2 skipped, 0 alerts
2026-07-14 01:07:51,814 [paper_trading.sbox] INFO: Starting daily run for 2026-07-14
2026-07-14 01:07:51,990 [paper_trading.sbox] INFO: Run complete: 0 executed, 2 skipped, 0 alerts
2026-07-14 01:07:51,990 [paper_trading.sbox] INFO: SBOX paper trading cron started
2026-07-14 01:07:51,990 [paper_trading.sbox] INFO: Cron complete: 0 executed, 2 skipped, 0 alerts
2026-07-14 01:12:45,245 [paper_trading.sbox] INFO: Starting daily run for 2026-07-14
2026-07-14 01:12:45,297 [paper_trading.sbox] INFO: Run complete: 0 executed, 2 skipped, 0 alerts
2026-07-14 01:12:45,298 [paper_trading.sbox] INFO: SBOX paper trading cron started
2026-07-14 01:12:45,298 [paper_trading.sbox] INFO: Cron complete: 0 executed, 2 skipped, 0 alerts
2026-07-14 01:18:00,947 [paper_trading.sbox] INFO: Starting daily run for 2026-07-14
2026-07-14 01:18:00,986 [paper_trading.sbox] INFO: Run complete: 0 executed, 2 skipped, 0 alerts
2026-07-14 01:18:00,987 [paper_trading.sbox] INFO: SBOX paper trading cron started
2026-07-14 01:18:00,987 [paper_trading.sbox] INFO: Cron complete: 0 executed, 2 skipped, 0 alerts
2026-07-14 01:22:52,261 [paper_trading.sbox] INFO: Starting daily run for 2026-07-14
2026-07-14 01:22:53,296 [paper_trading.sbox] INFO: Run complete: 0 executed, 2 skipped, 2 alerts
2026-07-14 01:22:53,297 [paper_trading.sbox] INFO: SBOX paper trading cron started
2026-07-14 01:22:53,297 [paper_trading.sbox] INFO: Cron complete: 0 executed, 2 skipped, 2 alerts
2026-07-14 01:27:51,084 [paper_trading.sbox] INFO: Starting daily run for 2026-07-14
2026-07-14 01:27:51,974 [paper_trading.sbox] INFO: Run complete: 0 executed, 2 skipped, 0 alerts
2026-07-14 01:27:51,975 [paper_trading.sbox] INFO: SBOX paper trading cron started
2026-07-14 01:27:51,975 [paper_trading.sbox] INFO: Cron complete: 0 executed, 2 skipped, 0 alerts
2026-07-14 01:32:49,557 [paper_trading.sbox] INFO: Starting daily run for 2026-07-14
2026-07-14 01:32:49,912 [paper_trading.sbox] INFO: Run complete: 0 executed, 2 skipped, 0 alerts
2026-07-14 01:32:49,913 [paper_trading.sbox] INFO: SBOX paper trading cron started
2026-07-14 01:32:49,914 [paper_trading.sbox] INFO: Cron complete: 0 executed, 2 skipped, 0 alerts
2026-07-14 01:38:41,333 [paper_trading.sbox] INFO: Starting daily run for 2026-07-14
2026-07-14 01:38:42,045 [paper_trading.sbox] INFO: Run complete: 0 executed, 2 skipped, 0 alerts
2026-07-14 01:38:42,046 [paper_trading.sbox] INFO: SBOX paper trading cron started
2026-07-14 01:38:42,046 [paper_trading.sbox] INFO: Cron complete: 0 executed, 2 skipped, 0 alerts
2026-07-14 01:43:57,643 [paper_trading.sbox] INFO: Starting daily run for 2026-07-14
2026-07-14 01:43:58,670 [paper_trading.sbox] INFO: Run complete: 0 executed, 2 skipped, 2 alerts
2026-07-14 01:43:58,670 [paper_trading.sbox] INFO: SBOX paper trading cron started
2026-07-14 01:43:58,670 [paper_trading.sbox] INFO: Cron complete: 0 executed, 2 skipped, 2 alerts
2026-07-14 01:48:30,048 [paper_trading.sbox] INFO: Starting daily run for 2026-07-14
2026-07-14 01:48:30,655 [paper_trading.sbox] INFO: Run complete: 0 executed, 2 skipped, 0 alerts
2026-07-14 01:48:30,656 [paper_trading.sbox] INFO: SBOX paper trading cron started
2026-07-14 01:48:30,656 [paper_trading.sbox] INFO: Cron complete: 0 executed, 2 skipped, 0 alerts
2026-07-14 01:58:48,237 [paper_trading.sbox] INFO: Starting daily run for 2026-07-14
2026-07-14 01:59:08,520 [paper_trading.sbox] INFO: Run complete: 0 executed, 2 skipped, 0 alerts
2026-07-14 02:04:00,567 [paper_trading.sbox] INFO: Starting daily run for 2026-07-14
2026-07-14 02:04:01,990 [paper_trading.sbox] INFO: Run complete: 0 executed, 2 skipped, 2 alerts
2026-07-14 02:04:01,991 [paper_trading.sbox] INFO: SBOX paper trading cron started
2026-07-14 02:04:01,991 [paper_trading.sbox] INFO: Cron complete: 0 executed, 2 skipped, 2 alerts
2026-07-14 02:08:31,809 [paper_trading.sbox] INFO: Starting daily run for 2026-07-14
2026-07-14 02:08:31,853 [paper_trading.sbox] INFO: Run complete: 0 executed, 2 skipped, 0 alerts
2026-07-14 02:08:31,853 [paper_trading.sbox] INFO: SBOX paper trading cron started
2026-07-14 02:08:31,854 [paper_trading.sbox] INFO: Cron complete: 0 executed, 2 skipped, 0 alerts
2026-07-14 02:13:26,939 [paper_trading.sbox] INFO: Starting daily run for 2026-07-14
2026-07-14 02:13:27,539 [paper_trading.sbox] INFO: Run complete: 0 executed, 2 skipped, 0 alerts
2026-07-14 02:13:36,519 [paper_trading.sbox] INFO: Starting daily run for 2026-07-14
2026-07-14 02:13:37,160 [paper_trading.sbox] INFO: Run complete: 0 executed, 2 skipped, 0 alerts
2026-07-14 02:13:37,161 [paper_trading.sbox] INFO: SBOX paper trading cron started
2026-07-14 02:13:37,161 [paper_trading.sbox] INFO: Cron complete: 0 executed, 2 skipped, 0 alerts
2026-07-14 02:18:27,873 [paper_trading.sbox] INFO: Starting daily run for 2026-07-14
2026-07-14 02:18:28,098 [paper_trading.sbox] INFO: Run complete: 0 executed, 2 skipped, 0 alerts
2026-07-14 02:18:28,099 [paper_trading.sbox] INFO: SBOX paper trading cron started
2026-07-14 02:18:28,100 [paper_trading.sbox] INFO: Cron complete: 0 executed, 2 skipped, 0 alerts
2026-07-14 02:23:33,954 [paper_trading.sbox] INFO: Starting daily run for 2026-07-14
2026-07-14 02:23:33,999 [paper_trading.sbox] INFO: Run complete: 0 executed, 2 skipped, 0 alerts
2026-07-14 02:23:33,999 [paper_trading.sbox] INFO: SBOX paper trading cron started
2026-07-14 02:23:34,000 [paper_trading.sbox] INFO: Cron complete: 0 executed, 2 skipped, 0 alerts
2026-07-14 02:28:40,573 [paper_trading.sbox] INFO: Starting daily run for 2026-07-14
2026-07-14 02:28:41,891 [paper_trading.sbox] INFO: Run complete: 0 executed, 2 skipped, 2 alerts
2026-07-14 02:28:41,892 [paper_trading.sbox] INFO: SBOX paper trading cron started
2026-07-14 02:28:41,892 [paper_trading.sbox] INFO: Cron complete: 0 executed, 2 skipped, 2 alerts
2026-07-14 02:33:30,968 [paper_trading.sbox] INFO: Starting daily run for 2026-07-14
2026-07-14 02:33:31,006 [paper_trading.sbox] INFO: Run complete: 0 executed, 2 skipped, 0 alerts
2026-07-14 02:33:31,006 [paper_trading.sbox] INFO: SBOX paper trading cron started
2026-07-14 02:33:31,006 [paper_trading.sbox] INFO: Cron complete: 0 executed, 2 skipped, 0 alerts
2026-07-14 02:43:21,814 [paper_trading.sbox] INFO: Starting daily run for 2026-07-14
2026-07-14 02:43:23,174 [paper_trading.sbox] INFO: Run complete: 0 executed, 2 skipped, 2 alerts
2026-07-14 02:43:23,175 [paper_trading.sbox] INFO: SBOX paper trading cron started
2026-07-14 02:43:23,175 [paper_trading.sbox] INFO: Cron complete: 0 executed, 2 skipped, 2 alerts
2026-07-14 02:53:49,451 [paper_trading.sbox] INFO: Starting daily run for 2026-07-14
2026-07-14 02:53:50,666 [paper_trading.sbox] INFO: Run complete: 0 executed, 2 skipped, 2 alerts
2026-07-14 02:53:50,667 [paper_trading.sbox] INFO: SBOX paper trading cron started
2026-07-14 02:53:50,667 [paper_trading.sbox] INFO: Cron complete: 0 executed, 2 skipped, 2 alerts
2026-07-14 03:13:52,067 [paper_trading.sbox] INFO: Starting daily run for 2026-07-14
2026-07-14 03:13:52,111 [paper_trading.sbox] INFO: Run complete: 0 executed, 2 skipped, 0 alerts
2026-07-14 03:13:52,112 [paper_trading.sbox] INFO: SBOX paper trading cron started
2026-07-14 03:13:52,112 [paper_trading.sbox] INFO: Cron complete: 0 executed, 2 skipped, 0 alerts
2026-07-14 03:14:08,030 [paper_trading.sbox] INFO: Starting daily run for 2026-07-14
2026-07-14 03:14:09,255 [paper_trading.sbox] INFO: Run complete: 0 executed, 2 skipped, 0 alerts
2026-07-14 03:14:09,256 [paper_trading.sbox] INFO: SBOX paper trading cron started
2026-07-14 03:14:09,256 [paper_trading.sbox] INFO: Cron complete: 0 executed, 2 skipped, 0 alerts
2026-07-14 04:15:07,565 [paper_trading.sbox] INFO: Starting daily run for 2026-07-14
2026-07-14 04:15:08,379 [paper_trading.sbox] INFO: Run complete: 0 executed, 2 skipped, 0 alerts
2026-07-14 04:20:59,107 [paper_trading.sbox] INFO: Starting daily run for 2026-07-14
2026-07-14 04:20:59,149 [paper_trading.sbox] INFO: Run complete: 0 executed, 2 skipped, 0 alerts
2026-07-14 04:20:59,149 [paper_trading.sbox] INFO: SBOX paper trading cron started
2026-07-14 04:20:59,150 [paper_trading.sbox] INFO: Cron complete: 0 executed, 2 skipped, 0 alerts
2026-07-14 04:45:19,149 [paper_trading.sbox] INFO: Starting daily run for 2026-07-14
2026-07-14 04:45:19,194 [paper_trading.sbox] INFO: Run complete: 0 executed, 2 skipped, 0 alerts
2026-07-14 04:45:19,195 [paper_trading.sbox] INFO: SBOX paper trading cron started
2026-07-14 04:45:19,195 [paper_trading.sbox] INFO: Cron complete: 0 executed, 2 skipped, 0 alerts
2026-07-14 05:12:19,243 [paper_trading.sbox] INFO: Starting daily run for 2026-07-14
2026-07-14 05:12:19,289 [paper_trading.sbox] INFO: Run complete: 0 executed, 2 skipped, 0 alerts
2026-07-14 05:12:19,290 [paper_trading.sbox] INFO: SBOX paper trading cron started
2026-07-14 05:12:19,290 [paper_trading.sbox] INFO: Cron complete: 0 executed, 2 skipped, 0 alerts
2026-07-14 05:37:32,738 [paper_trading.sbox] INFO: Starting daily run for 2026-07-14
2026-07-14 05:37:32,781 [paper_trading.sbox] INFO: Run complete: 0 executed, 2 skipped, 0 alerts
2026-07-14 05:37:32,781 [paper_trading.sbox] INFO: SBOX paper trading cron started
2026-07-14 05:37:32,782 [paper_trading.sbox] INFO: Cron complete: 0 executed, 2 skipped, 0 alerts
2026-07-14 05:42:41,065 [paper_trading.sbox] INFO: Starting daily run for 2026-07-14
2026-07-14 05:42:41,110 [paper_trading.sbox] INFO: Run complete: 0 executed, 2 skipped, 0 alerts
2026-07-14 05:42:41,110 [paper_trading.sbox] INFO: SBOX paper trading cron started
2026-07-14 05:42:41,110 [paper_trading.sbox] INFO: Cron complete: 0 executed, 2 skipped, 0 alerts
2026-07-14 06:02:38,322 [paper_trading.sbox] INFO: Starting daily run for 2026-07-14
2026-07-14 06:02:38,368 [paper_trading.sbox] INFO: Run complete: 0 executed, 2 skipped, 0 alerts
2026-07-14 06:02:38,369 [paper_trading.sbox] INFO: SBOX paper trading cron started
2026-07-14 06:02:38,369 [paper_trading.sbox] INFO: Cron complete: 0 executed, 2 skipped, 0 alerts
2026-07-14 06:07:49,958 [paper_trading.sbox] INFO: Starting daily run for 2026-07-14
2026-07-14 06:07:50,003 [paper_trading.sbox] INFO: Run complete: 0 executed, 2 skipped, 0 alerts
2026-07-14 06:07:50,004 [paper_trading.sbox] INFO: SBOX paper trading cron started
2026-07-14 06:07:50,004 [paper_trading.sbox] INFO: Cron complete: 0 executed, 2 skipped, 0 alerts
2026-07-14 06:27:37,923 [paper_trading.sbox] INFO: Starting daily run for 2026-07-14
2026-07-14 06:27:37,963 [paper_trading.sbox] INFO: Run complete: 0 executed, 2 skipped, 0 alerts
2026-07-14 06:27:37,964 [paper_trading.sbox] INFO: SBOX paper trading cron started
2026-07-14 06:27:37,964 [paper_trading.sbox] INFO: Cron complete: 0 executed, 2 skipped, 0 alerts
2026-07-14 06:43:22,463 [paper_trading.sbox] INFO: Starting daily run for 2026-07-14
2026-07-14 06:43:22,504 [paper_trading.sbox] INFO: Run complete: 0 executed, 2 skipped, 0 alerts
2026-07-14 06:53:38,911 [paper_trading.sbox] INFO: Starting daily run for 2026-07-14
2026-07-14 06:53:39,322 [paper_trading.sbox] INFO: Run complete: 0 executed, 2 skipped, 0 alerts
2026-07-14 06:53:39,323 [paper_trading.sbox] INFO: SBOX paper trading cron started
2026-07-14 06:53:39,323 [paper_trading.sbox] INFO: Cron complete: 0 executed, 2 skipped, 0 alerts
2026-07-14 06:58:27,973 [paper_trading.sbox] INFO: Starting daily run for 2026-07-14
2026-07-14 06:58:28,018 [paper_trading.sbox] INFO: Run complete: 0 executed, 2 skipped, 0 alerts
2026-07-14 06:58:28,019 [paper_trading.sbox] INFO: SBOX paper trading cron started
2026-07-14 06:58:28,019 [paper_trading.sbox] INFO: Cron complete: 0 executed, 2 skipped, 0 alerts
2026-07-14 07:03:37,562 [paper_trading.sbox] INFO: Starting daily run for 2026-07-14
2026-07-14 07:03:37,600 [paper_trading.sbox] INFO: Run complete: 0 executed, 2 skipped, 0 alerts
2026-07-14 07:03:37,600 [paper_trading.sbox] INFO: SBOX paper trading cron started
2026-07-14 07:03:37,601 [paper_trading.sbox] INFO: Cron complete: 0 executed, 2 skipped, 0 alerts
2026-07-14 07:38:38,647 [paper_trading.sbox] INFO: Starting daily run for 2026-07-14
2026-07-14 07:38:38,687 [paper_trading.sbox] INFO: Run complete: 0 executed, 2 skipped, 0 alerts
2026-07-14 07:38:38,688 [paper_trading.sbox] INFO: SBOX paper trading cron started
2026-07-14 07:38:38,688 [paper_trading.sbox] INFO: Cron complete: 0 executed, 2 skipped, 0 alerts
2026-07-14 07:48:40,120 [paper_trading.sbox] INFO: Starting daily run for 2026-07-14
2026-07-14 07:48:40,418 [paper_trading.sbox] INFO: Run complete: 0 executed, 2 skipped, 0 alerts
2026-07-14 07:48:40,418 [paper_trading.sbox] INFO: SBOX paper trading cron started
2026-07-14 07:48:40,419 [paper_trading.sbox] INFO: Cron complete: 0 executed, 2 skipped, 0 alerts
2026-07-14 07:53:24,475 [paper_trading.sbox] INFO: Starting daily run for 2026-07-14
2026-07-14 07:53:24,779 [paper_trading.sbox] INFO: Run complete: 0 executed, 2 skipped, 0 alerts
2026-07-14 07:53:24,779 [paper_trading.sbox] INFO: SBOX paper trading cron started
2026-07-14 07:53:24,779 [paper_trading.sbox] INFO: Cron complete: 0 executed, 2 skipped, 0 alerts
2026-07-14 08:03:31,315 [paper_trading.sbox] INFO: Starting daily run for 2026-07-14
2026-07-14 08:03:31,518 [paper_trading.sbox] INFO: Run complete: 0 executed, 2 skipped, 0 alerts
2026-07-14 08:03:31,519 [paper_trading.sbox] INFO: SBOX paper trading cron started
2026-07-14 08:03:31,519 [paper_trading.sbox] INFO: Cron complete: 0 executed, 2 skipped, 0 alerts
2026-07-14 08:08:24,803 [paper_trading.sbox] INFO: Starting daily run for 2026-07-14
2026-07-14 08:08:25,093 [paper_trading.sbox] INFO: Run complete: 0 executed, 2 skipped, 0 alerts
2026-07-14 08:08:25,094 [paper_trading.sbox] INFO: SBOX paper trading cron started
2026-07-14 08:08:25,094 [paper_trading.sbox] INFO: Cron complete: 0 executed, 2 skipped, 0 alerts
2026-07-14 08:23:30,942 [paper_trading.sbox] INFO: Starting daily run for 2026-07-14
2026-07-14 08:23:31,657 [paper_trading.sbox] INFO: Run complete: 0 executed, 2 skipped, 0 alerts
2026-07-14 08:23:31,658 [paper_trading.sbox] INFO: SBOX paper trading cron started
2026-07-14 08:23:31,658 [paper_trading.sbox] INFO: Cron complete: 0 executed, 2 skipped, 0 alerts
2026-07-14 08:53:30,443 [paper_trading.sbox] INFO: Starting daily run for 2026-07-14
2026-07-14 08:53:30,562 [paper_trading.sbox] INFO: Run complete: 0 executed, 2 skipped, 0 alerts
2026-07-14 08:58:28,748 [paper_trading.sbox] INFO: Starting daily run for 2026-07-14
2026-07-14 08:58:28,947 [paper_trading.sbox] INFO: Run complete: 0 executed, 2 skipped, 0 alerts
2026-07-14 08:58:28,947 [paper_trading.sbox] INFO: SBOX paper trading cron started
2026-07-14 08:58:28,947 [paper_trading.sbox] INFO: Cron complete: 0 executed, 2 skipped, 0 alerts
2026-07-14 09:03:35,030 [paper_trading.sbox] INFO: Starting daily run for 2026-07-14
2026-07-14 09:03:35,332 [paper_trading.sbox] INFO: Run complete: 0 executed, 2 skipped, 0 alerts
2026-07-14 09:03:35,332 [paper_trading.sbox] INFO: SBOX paper trading cron started
2026-07-14 09:03:35,332 [paper_trading.sbox] INFO: Cron complete: 0 executed, 2 skipped, 0 alerts
2026-07-14 09:18:46,713 [paper_trading.sbox] INFO: Starting daily run for 2026-07-14
2026-07-14 09:18:46,903 [paper_trading.sbox] INFO: Run complete: 0 executed, 2 skipped, 0 alerts
2026-07-14 09:18:46,903 [paper_trading.sbox] INFO: SBOX paper trading cron started
2026-07-14 09:18:46,903 [paper_trading.sbox] INFO: Cron complete: 0 executed, 2 skipped, 0 alerts
2026-07-14 09:28:41,460 [paper_trading.sbox] INFO: Starting daily run for 2026-07-14
2026-07-14 09:28:41,644 [paper_trading.sbox] INFO: Run complete: 0 executed, 2 skipped, 0 alerts
2026-07-14 09:28:41,645 [paper_trading.sbox] INFO: SBOX paper trading cron started
2026-07-14 09:28:41,645 [paper_trading.sbox] INFO: Cron complete: 0 executed, 2 skipped, 0 alerts
2026-07-14 09:38:49,209 [paper_trading.sbox] INFO: Starting daily run for 2026-07-14
2026-07-14 09:38:49,403 [paper_trading.sbox] INFO: Run complete: 0 executed, 2 skipped, 0 alerts
2026-07-14 09:38:49,403 [paper_trading.sbox] INFO: SBOX paper trading cron started
2026-07-14 09:38:49,403 [paper_trading.sbox] INFO: Cron complete: 0 executed, 2 skipped, 0 alerts
2026-07-14 09:58:48,541 [paper_trading.sbox] INFO: Starting daily run for 2026-07-14
2026-07-14 09:58:48,733 [paper_trading.sbox] INFO: Run complete: 0 executed, 2 skipped, 0 alerts
2026-07-14 09:58:48,733 [paper_trading.sbox] INFO: SBOX paper trading cron started
2026-07-14 09:58:48,734 [paper_trading.sbox] INFO: Cron complete: 0 executed, 2 skipped, 0 alerts
2026-07-14 10:13:45,366 [paper_trading.sbox] INFO: Starting daily run for 2026-07-14
2026-07-14 10:13:45,481 [paper_trading.sbox] INFO: Run complete: 0 executed, 2 skipped, 0 alerts
2026-07-14 10:13:50,692 [paper_trading.sbox] INFO: Starting daily run for 2026-07-14
2026-07-14 10:13:50,738 [paper_trading.sbox] INFO: Run complete: 0 executed, 2 skipped, 0 alerts
2026-07-14 10:14:01,450 [paper_trading.sbox] INFO: Starting daily run for 2026-07-14
2026-07-14 10:14:01,636 [paper_trading.sbox] INFO: Run complete: 0 executed, 2 skipped, 0 alerts
2026-07-14 11:08:47,202 [paper_trading.sbox] INFO: Starting daily run for 2026-07-14
2026-07-14 11:08:47,400 [paper_trading.sbox] INFO: Run complete: 1 executed, 1 skipped, 0 alerts
2026-07-14 11:08:47,401 [paper_trading.sbox] INFO: SBOX paper trading cron started
2026-07-14 11:08:47,401 [paper_trading.sbox] INFO: Cron complete: 1 executed, 1 skipped, 0 alerts
2026-07-14 11:19:06,223 [paper_trading.sbox] INFO: Starting daily run for 2026-07-14
2026-07-14 11:19:06,836 [paper_trading.sbox] INFO: Run complete: 0 executed, 2 skipped, 0 alerts
2026-07-14 11:19:06,836 [paper_trading.sbox] INFO: SBOX paper trading cron started
2026-07-14 11:19:06,837 [paper_trading.sbox] INFO: Cron complete: 0 executed, 2 skipped, 0 alerts
2026-07-14 12:14:22,491 [paper_trading.sbox] INFO: Starting daily run for 2026-07-14
2026-07-14 12:14:22,689 [paper_trading.sbox] INFO: Run complete: 0 executed, 2 skipped, 0 alerts
2026-07-14 12:14:22,689 [paper_trading.sbox] INFO: SBOX paper trading cron started
2026-07-14 12:14:22,690 [paper_trading.sbox] INFO: Cron complete: 0 executed, 2 skipped, 0 alerts
2026-07-14 12:24:19,809 [paper_trading.sbox] INFO: Starting daily run for 2026-07-14
2026-07-14 12:24:19,860 [paper_trading.sbox] INFO: Run complete: 0 executed, 2 skipped, 0 alerts
2026-07-14 12:24:19,861 [paper_trading.sbox] INFO: SBOX paper trading cron started
2026-07-14 12:24:19,861 [paper_trading.sbox] INFO: Cron complete: 0 executed, 2 skipped, 0 alerts
