2026-07-29 07:01:57,420 [B-MODE] INFO ============================================================
2026-07-29 07:01:57,420 [B-MODE] INFO B-MODE LOOP — Starting Cycle
2026-07-29 07:01:57,420 [B-MODE] INFO ============================================================
2026-07-29 07:01:57,420 [B-MODE] INFO ═══ DIAGNOSE ═══
2026-07-29 07:01:57,420 [B-MODE] INFO [1a] Checking GEFS archive progress...
2026-07-29 07:01:57,447 [B-MODE] INFO [1b] Checking DB integrity...
2026-07-29 07:02:03,310 [B-MODE] INFO [1c] Checking for stale processes...
2026-07-29 07:02:03,315 [B-MODE] INFO [1d] Checking paper trading summary sanity...
2026-07-29 07:02:03,315 [B-MODE] INFO [1e] Checking recent cron logs...
2026-07-29 07:02:03,316 [B-MODE] INFO Diagnosis complete: 3 issues found
2026-07-29 07:02:03,316 [B-MODE] WARNING   Issue 1: GEFS archive 99.9% complete (39936/39975 entries)
2026-07-29 07:02:03,316 [B-MODE] WARNING   Issue 2: Stale process detected: .dev.pid: PID 70214 DEAD (stale); .sbox.pid: PID 1235970 DEAD (stale)
2026-07-29 07:02:03,316 [B-MODE] WARNING   Issue 3: Paper trading P&L/Sharpe suspect: Sharpe 2.06 suspiciously high for 11 trades
2026-07-29 07:06:59,220 [B-MODE] INFO ============================================================
2026-07-29 07:06:59,220 [B-MODE] INFO B-MODE LOOP — Starting Cycle
2026-07-29 07:06:59,220 [B-MODE] INFO ============================================================
2026-07-29 07:06:59,220 [B-MODE] INFO ═══ DIAGNOSE ═══
2026-07-29 07:06:59,220 [B-MODE] INFO [1a] Checking GEFS archive progress...
2026-07-29 07:06:59,244 [B-MODE] INFO [1b] Checking DB integrity...
2026-07-29 07:07:01,404 [B-MODE] INFO [1c] Checking for stale processes...
2026-07-29 07:07:01,405 [B-MODE] INFO [1d] Checking paper trading summary sanity...
2026-07-29 07:07:01,405 [B-MODE] INFO [1e] Checking recent cron logs...
2026-07-29 07:07:01,405 [B-MODE] INFO Diagnosis complete: 3 issues found
2026-07-29 07:07:01,405 [B-MODE] WARNING   Issue 1: GEFS archive 99.9% complete (40632/40671 entries)
2026-07-29 07:07:01,405 [B-MODE] WARNING   Issue 2: Stale process detected: .dev.pid: PID 70214 DEAD (stale); .sbox.pid: PID 1235970 DEAD (stale)
2026-07-29 07:07:01,405 [B-MODE] WARNING   Issue 3: Paper trading P&L/Sharpe suspect: Sharpe 2.06 suspiciously high for 11 trades
2026-07-29 07:07:01,405 [B-MODE] INFO ═══ FIX ═══
2026-07-29 07:07:01,405 [B-MODE] INFO [Fix 1] Checking Sharpe zero-trade day handling...
2026-07-29 07:07:01,409 [B-MODE] WARNING   ⚠ Zero-trade day handling needs manual fix — see docstring
2026-07-29 07:07:01,409 [B-MODE] INFO [Fix 2] Verifying P&L math...
2026-07-29 07:07:01,410 [B-MODE] INFO   ✓ Per-contract binary P&L math is correct
2026-07-29 07:07:01,410 [B-MODE] INFO [Fix 3] Verifying Kelly formula...
2026-07-29 07:07:01,410 [B-MODE] ERROR   ✗ Fee-aware Kelly formula still present!
2026-07-29 07:07:01,410 [B-MODE] INFO [Fix 4] Checking log file sizes...
2026-07-29 07:07:01,410 [B-MODE] INFO ═══ VERIFY ═══
2026-07-29 07:07:01,410 [B-MODE] INFO Running 1-day paper trading verification...
2026-07-29 07:07:01,623 [B-MODE] INFO   ✓ All verification checks passed
2026-07-29 07:07:01,623 [B-MODE] INFO   P&L=$-706.49, Sharpe=0.00, Accuracy=50.0%, Trades=2
2026-07-29 07:07:01,623 [B-MODE] INFO ═══ LOG ═══
{"timestamp": "2026-07-29T07:07:01.623246+00:00", "cycle_version": "1.0", "diagnosis": {"n_issues": 3, "gefs_progress": 99.9, "db_ok": true}, "fixes": ["[Fix 1] Manual fix needed: add zero-trade days to Sharpe denominator", "    \u2192 In compute_sharpe(), pass the full date range, add dates with 0 P&L", "[Fix 3] WARNING: Fee-aware Kelly formula still present in position_sizer.py!"], "verification": {"ok": true, "pnl": -706.49, "sharpe": 0.0, "accuracy": 0.5, "trades": 2, "issues": []}, "status": "YELLOW"}
2026-07-29 07:07:01,623 [B-MODE] INFO B-Mode cycle status: YELLOW
2026-07-29 07:07:01,623 [B-MODE] INFO Log written to /home/node/.openclaw/workspace/prototypes/weather-engine-source/data/bmode_loop.log
